version https://git-lfs.github.com/spec/v1
oid sha256:ac6891be7242fc5071b1203ee5a9c9fce910f4fabaf9326a72120f2a776cd2ee
size 549
