version https://git-lfs.github.com/spec/v1
oid sha256:eb6b68493510ff60b766c6425f9cd82c71ef66586c99e3303bf0e769d363f129
size 822
